
> Configure project :common
Fabric Loom: 1.17.20

> Configure project :fabric
Fabric Loom: 1.17.20

> Task :fabric:compileJava UP-TO-DATE
> Task :fabric:processResources UP-TO-DATE
> Task :fabric:classes UP-TO-DATE
> Task :fabric:generateLog4jConfig UP-TO-DATE
> Task :fabric:generateRemapClasspath
> Task :fabric:generateDLIConfig
> Task :fabric:configureLaunch

> Task :fabric:runServer
[11:05:22] [main/INFO] (FabricLoader/GameProvider) Loading Minecraft 1.21.1 with Fabric Loader 0.19.5
[11:05:22] [main/INFO] (FabricLoader) Loading 44 mods:
	- fabric-api 0.116.17+1.21.1
	- fabric-api-base 0.4.42+6573ed8c19
	- fabric-api-lookup-api-v1 1.6.72+7b3d111d19
	- fabric-biome-api-v1 13.0.31+d527f9fd19
	- fabric-block-api-v1 1.1.0+0bc3503219
	- fabric-block-view-api-v2 1.0.11+ebb2264e19
	- fabric-command-api-v1 1.2.49+f71b366f19
	- fabric-command-api-v2 2.2.28+6ced4dd919
	- fabric-commands-v0 0.2.66+df3654b319
	- fabric-content-registries-v0 8.0.19+b559734419
	- fabric-convention-tags-v1 2.1.7+7f945d5b19
	- fabric-convention-tags-v2 2.12.0+c3656daa19
	- fabric-crash-report-info-v1 0.2.29+0af3f5a719
	- fabric-data-attachment-api-v1 1.4.7+5b36e0f719
	- fabric-data-generation-api-v1 20.3.0+1eb36c0719
	- fabric-dimensions-v1 4.0.1+65213ef819
	- fabric-entity-events-v1 1.8.0+2b27e0a419
	- fabric-events-interaction-v0 0.7.14+ba9dae0619
	- fabric-game-rule-api-v1 1.0.53+6ced4dd919
	- fabric-gametest-api-v1 2.0.5+6fc22b9919
	- fabric-item-api-v1 11.3.0+467044f319
	- fabric-item-group-api-v1 4.1.7+def88e3a19
	- fabric-lifecycle-events-v1 2.6.0+0865547519
	- fabric-loot-api-v2 3.0.15+3f89f5a519
	- fabric-loot-api-v3 1.0.3+3f89f5a519
	- fabric-message-api-v1 6.0.14+8aaf3aca19
	- fabric-networking-api-v1 4.3.1+d30f6a7919
	- fabric-object-builder-api-v1 15.2.1+40875a9319
	- fabric-particles-v1 4.0.2+6573ed8c19
	- fabric-recipe-api-v1 5.0.16+2475392c19
	- fabric-registry-sync-v0 5.3.2+e3eddc2119
	- fabric-rendering-data-attachment-v1 0.3.49+73761d2e19
	- fabric-rendering-fluids-v1 3.1.6+1daea21519
	- fabric-resource-conditions-api-v1 4.3.0+8dc279b119
	- fabric-resource-loader-v0 1.3.1+5b5275af19
	- fabric-screen-handler-api-v1 1.3.91+b559734419
	- fabric-tag-api-v1 1.3.0+1eb36c0719
	- fabric-transfer-api-v1 5.4.4+7b3d111d19
	- fabric-transitive-access-wideners-v1 6.2.0+45b9699719
	- fabricloader 0.19.5
	- java 21
	- minecraft 1.21.1
	- mixinextras 0.5.5
	- tieredironchests 1.0.0
[11:05:22] [main/INFO] (FabricLoader/Mixin) SpongePowered MIXIN Subsystem Version=0.8.7 Source=file:/C:/Users/Liam/.gradle/caches/modules-2/files-2.1/net.fabricmc/sponge-mixin/0.17.4+mixin.0.8.7/5f66cc9f59b8efaa942155a3d5a30599bf6640dd/sponge-mixin-0.17.4+mixin.0.8.7.jar Service=Knot/Fabric Env=SERVER
[11:05:22] [main/INFO] (FabricLoader/Mixin) Loaded Fabric development mappings for mixin remapper!
[11:05:23] [main/INFO] (FabricLoader/MixinExtras|Service) Initializing MixinExtras via com.llamalad7.mixinextras.service.MixinExtrasServiceImpl(version=0.5.5).
[11:05:31] [main/INFO] (tieredironchests) Tiered Iron Chests (Fabric) registered 5 chest tiers (5 blocks, block entities, menus and upgrade kits)
[11:05:32] [main/INFO] (Minecraft) Environment: Environment[sessionHost=https://sessionserver.mojang.com, servicesHost=https://api.minecraftservices.com, name=PROD]
[11:05:32] [main/INFO] (Minecraft) Found new data pack fabric-convention-tags-v2, loading it automatically
[11:05:32] [main/INFO] (Minecraft) Found new data pack fabric-gametest-api-v1, loading it automatically
[11:05:32] [main/INFO] (Minecraft) Found new data pack tieredironchests, loading it automatically
[11:05:34] [main/INFO] (Minecraft) Loaded 1305 recipes
[11:05:34] [main/INFO] (Minecraft) Loaded 1414 advancements
[11:05:35] [main/INFO] (BiomeModificationImpl) Applied 0 biome modifications to 0 of 64 new biomes in 1.420 ms
[11:05:35] [Server thread/INFO] (Minecraft) Starting minecraft server version 1.21.1
[11:05:35] [Server thread/INFO] (Minecraft) Loading properties
[11:05:35] [Server thread/INFO] (Minecraft) Default game type: SURVIVAL
[11:05:35] [Server thread/INFO] (Minecraft) Generating keypair
[11:05:35] [Server thread/INFO] (Minecraft) Starting Minecraft server on *:25565
[11:05:35] [Server thread/INFO] (Minecraft) Using default channel type
[11:05:35] [Server thread/INFO] (Minecraft) Preparing level "world"
[11:05:36] [Server thread/INFO] (Minecraft) Preparing start region for dimension minecraft:overworld
[11:05:37] [Worker-Main-30/INFO] (Minecraft) Preparing spawn area: 0%
[11:05:37] [Worker-Main-30/INFO] (Minecraft) Preparing spawn area: 0%
[11:05:37] [Server thread/INFO] (Minecraft) Time elapsed: 876 ms
[11:05:37] [Server thread/INFO] (Minecraft) Done (1.641s)! For help, type "help"
[11:05:37] [Server thread/INFO] (Minecraft) There are 5 data pack(s) enabled: [vanilla (built-in)], [fabric (Fabric mod)], [fabric-convention-tags-v2 (Fabric mod)], [fabric-gametest-api-v1 (Fabric mod)], [tieredironchests (Fabric mod)]
[11:05:37] [Server thread/INFO] (Minecraft) There are no more data packs available
[11:05:46] [Server thread/INFO] (Minecraft) Stopping the server
[11:05:46] [Server thread/INFO] (Minecraft) Stopping server
[11:05:46] [Server thread/INFO] (Minecraft) Saving players
[11:05:46] [Server thread/INFO] (Minecraft) Saving worlds
[11:05:46] [Server thread/INFO] (Minecraft) Saving chunks for level 'ServerLevel[world]'/minecraft:overworld
[11:05:46] [Server thread/INFO] (Minecraft) Saving chunks for level 'ServerLevel[world]'/minecraft:the_end
[11:05:46] [Server thread/INFO] (Minecraft) Saving chunks for level 'ServerLevel[world]'/minecraft:the_nether
[11:05:46] [Server thread/INFO] (Minecraft) ThreadedAnvilChunkStorage (world): All chunks are saved
[11:05:46] [Server thread/INFO] (Minecraft) ThreadedAnvilChunkStorage (DIM1): All chunks are saved
[11:05:46] [Server thread/INFO] (Minecraft) ThreadedAnvilChunkStorage (DIM-1): All chunks are saved
[11:05:46] [Server thread/INFO] (Minecraft) ThreadedAnvilChunkStorage: All dimensions are saved

BUILD SUCCESSFUL in 29s
6 actionable tasks: 3 executed, 3 up-to-date
