Downloading Minecraft server
Installing Fabric Loader 0.19.5(1.21.1) on the server
Downloading required files
Downloading library org.ow2.asm:asm:9.10.1
Downloading library org.ow2.asm:asm-analysis:9.10.1
Downloading library org.ow2.asm:asm-commons:9.10.1
Downloading library org.ow2.asm:asm-tree:9.10.1
Downloading library org.ow2.asm:asm-util:9.10.1
Downloading library net.fabricmc:sponge-mixin:0.17.4+mixin.0.8.7
Downloading library net.fabricmc:intermediary:1.21.1
Downloading library net.fabricmc:fabric-loader:0.19.5
Generating server launch JAR
Unpacking 1.21.1/server-1.21.1.jar (versions:1.21.1) to versions\1.21.1\server-1.21.1.jar
Unpacking com/github/oshi/oshi-core/6.4.10/oshi-core-6.4.10.jar (libraries:com.github.oshi:oshi-core:6.4.10) to libraries\com\github\oshi\oshi-core\6.4.10\oshi-core-6.4.10.jar
Unpacking com/google/code/gson/gson/2.10.1/gson-2.10.1.jar (libraries:com.google.code.gson:gson:2.10.1) to libraries\com\google\code\gson\gson\2.10.1\gson-2.10.1.jar
Unpacking com/google/guava/failureaccess/1.0.1/failureaccess-1.0.1.jar (libraries:com.google.guava:failureaccess:1.0.1) to libraries\com\google\guava\failureaccess\1.0.1\failureaccess-1.0.1.jar
Unpacking com/google/guava/guava/32.1.2-jre/guava-32.1.2-jre.jar (libraries:com.google.guava:guava:32.1.2-jre) to libraries\com\google\guava\guava\32.1.2-jre\guava-32.1.2-jre.jar
Unpacking com/mojang/authlib/6.0.54/authlib-6.0.54.jar (libraries:com.mojang:authlib:6.0.54) to libraries\com\mojang\authlib\6.0.54\authlib-6.0.54.jar
Unpacking com/mojang/brigadier/1.3.10/brigadier-1.3.10.jar (libraries:com.mojang:brigadier:1.3.10) to libraries\com\mojang\brigadier\1.3.10\brigadier-1.3.10.jar
Unpacking com/mojang/datafixerupper/8.0.16/datafixerupper-8.0.16.jar (libraries:com.mojang:datafixerupper:8.0.16) to libraries\com\mojang\datafixerupper\8.0.16\datafixerupper-8.0.16.jar
Unpacking com/mojang/logging/1.2.7/logging-1.2.7.jar (libraries:com.mojang:logging:1.2.7) to libraries\com\mojang\logging\1.2.7\logging-1.2.7.jar
Unpacking commons-io/commons-io/2.15.1/commons-io-2.15.1.jar (libraries:commons-io:commons-io:2.15.1) to libraries\commons-io\commons-io\2.15.1\commons-io-2.15.1.jar
Unpacking io/netty/netty-buffer/4.1.97.Final/netty-buffer-4.1.97.Final.jar (libraries:io.netty:netty-buffer:4.1.97.Final) to libraries\io\netty\netty-buffer\4.1.97.Final\netty-buffer-4.1.97.Final.jar
Unpacking io/netty/netty-codec/4.1.97.Final/netty-codec-4.1.97.Final.jar (libraries:io.netty:netty-codec:4.1.97.Final) to libraries\io\netty\netty-codec\4.1.97.Final\netty-codec-4.1.97.Final.jar
Unpacking io/netty/netty-common/4.1.97.Final/netty-common-4.1.97.Final.jar (libraries:io.netty:netty-common:4.1.97.Final) to libraries\io\netty\netty-common\4.1.97.Final\netty-common-4.1.97.Final.jar
Unpacking io/netty/netty-handler/4.1.97.Final/netty-handler-4.1.97.Final.jar (libraries:io.netty:netty-handler:4.1.97.Final) to libraries\io\netty\netty-handler\4.1.97.Final\netty-handler-4.1.97.Final.jar
Unpacking io/netty/netty-resolver/4.1.97.Final/netty-resolver-4.1.97.Final.jar (libraries:io.netty:netty-resolver:4.1.97.Final) to libraries\io\netty\netty-resolver\4.1.97.Final\netty-resolver-4.1.97.Final.jar
Unpacking io/netty/netty-transport/4.1.97.Final/netty-transport-4.1.97.Final.jar (libraries:io.netty:netty-transport:4.1.97.Final) to libraries\io\netty\netty-transport\4.1.97.Final\netty-transport-4.1.97.Final.jar
Unpacking io/netty/netty-transport-classes-epoll/4.1.97.Final/netty-transport-classes-epoll-4.1.97.Final.jar (libraries:io.netty:netty-transport-classes-epoll:4.1.97.Final) to libraries\io\netty\netty-transport-classes-epoll\4.1.97.Final\netty-transport-classes-epoll-4.1.97.Final.jar
Unpacking io/netty/netty-transport-native-epoll/4.1.97.Final/netty-transport-native-epoll-4.1.97.Final-linux-x86_64.jar (libraries:io.netty:netty-transport-native-epoll:4.1.97.Final:linux-x86_64) to libraries\io\netty\netty-transport-native-epoll\4.1.97.Final\netty-transport-native-epoll-4.1.97.Final-linux-x86_64.jar
Unpacking io/netty/netty-transport-native-epoll/4.1.97.Final/netty-transport-native-epoll-4.1.97.Final-linux-aarch_64.jar (libraries:io.netty:netty-transport-native-epoll:4.1.97.Final:linux-aarch_64) to libraries\io\netty\netty-transport-native-epoll\4.1.97.Final\netty-transport-native-epoll-4.1.97.Final-linux-aarch_64.jar
Unpacking io/netty/netty-transport-native-unix-common/4.1.97.Final/netty-transport-native-unix-common-4.1.97.Final.jar (libraries:io.netty:netty-transport-native-unix-common:4.1.97.Final) to libraries\io\netty\netty-transport-native-unix-common\4.1.97.Final\netty-transport-native-unix-common-4.1.97.Final.jar
Unpacking it/unimi/dsi/fastutil/8.5.12/fastutil-8.5.12.jar (libraries:it.unimi.dsi:fastutil:8.5.12) to libraries\it\unimi\dsi\fastutil\8.5.12\fastutil-8.5.12.jar
Unpacking net/java/dev/jna/jna/5.14.0/jna-5.14.0.jar (libraries:net.java.dev.jna:jna:5.14.0) to libraries\net\java\dev\jna\jna\5.14.0\jna-5.14.0.jar
Unpacking net/java/dev/jna/jna-platform/5.14.0/jna-platform-5.14.0.jar (libraries:net.java.dev.jna:jna-platform:5.14.0) to libraries\net\java\dev\jna\jna-platform\5.14.0\jna-platform-5.14.0.jar
Unpacking net/sf/jopt-simple/jopt-simple/5.0.4/jopt-simple-5.0.4.jar (libraries:net.sf.jopt-simple:jopt-simple:5.0.4) to libraries\net\sf\jopt-simple\jopt-simple\5.0.4\jopt-simple-5.0.4.jar
Unpacking org/apache/commons/commons-lang3/3.14.0/commons-lang3-3.14.0.jar (libraries:org.apache.commons:commons-lang3:3.14.0) to libraries\org\apache\commons\commons-lang3\3.14.0\commons-lang3-3.14.0.jar
Unpacking org/apache/logging/log4j/log4j-api/2.22.1/log4j-api-2.22.1.jar (libraries:org.apache.logging.log4j:log4j-api:2.22.1) to libraries\org\apache\logging\log4j\log4j-api\2.22.1\log4j-api-2.22.1.jar
Unpacking org/apache/logging/log4j/log4j-core/2.22.1/log4j-core-2.22.1.jar (libraries:org.apache.logging.log4j:log4j-core:2.22.1) to libraries\org\apache\logging\log4j\log4j-core\2.22.1\log4j-core-2.22.1.jar
Unpacking org/apache/logging/log4j/log4j-slf4j2-impl/2.22.1/log4j-slf4j2-impl-2.22.1.jar (libraries:org.apache.logging.log4j:log4j-slf4j2-impl:2.22.1) to libraries\org\apache\logging\log4j\log4j-slf4j2-impl\2.22.1\log4j-slf4j2-impl-2.22.1.jar
Unpacking org/joml/joml/1.10.5/joml-1.10.5.jar (libraries:org.joml:joml:1.10.5) to libraries\org\joml\joml\1.10.5\joml-1.10.5.jar
Unpacking org/lz4/lz4-java/1.8.0/lz4-java-1.8.0.jar (libraries:org.lz4:lz4-java:1.8.0) to libraries\org\lz4\lz4-java\1.8.0\lz4-java-1.8.0.jar
Unpacking org/slf4j/slf4j-api/2.0.9/slf4j-api-2.0.9.jar (libraries:org.slf4j:slf4j-api:2.0.9) to libraries\org\slf4j\slf4j-api\2.0.9\slf4j-api-2.0.9.jar
Starting net.fabricmc.loader.impl.game.minecraft.BundlerClassPathCapture
[11:05:24] [main/INFO]: Loading Minecraft 1.21.1 with Fabric Loader 0.19.5
[11:05:24] [main/INFO]: Fabric is preparing JARs on first launch, this may take a few seconds...
[11:05:24] [main/INFO]: Loading 43 mods:
	- fabric-api 0.116.17+1.21.1
	   |-- fabric-api-base 0.4.42+6573ed8c19
	   |-- fabric-api-lookup-api-v1 1.6.72+7b3d111d19
	   |-- fabric-biome-api-v1 13.0.31+d527f9fd19
	   |-- fabric-block-api-v1 1.1.0+0bc3503219
	   |-- fabric-block-view-api-v2 1.0.11+ebb2264e19
	   |-- fabric-command-api-v1 1.2.49+f71b366f19
	   |-- fabric-command-api-v2 2.2.28+6ced4dd919
	   |-- fabric-commands-v0 0.2.66+df3654b319
	   |-- fabric-content-registries-v0 8.0.19+b559734419
	   |-- fabric-convention-tags-v1 2.1.7+7f945d5b19
	   |-- fabric-convention-tags-v2 2.12.0+c3656daa19
	   |-- fabric-crash-report-info-v1 0.2.29+0af3f5a719
	   |-- fabric-data-attachment-api-v1 1.4.7+5b36e0f719
	   |-- fabric-data-generation-api-v1 20.3.0+1eb36c0719
	   |-- fabric-dimensions-v1 4.0.1+65213ef819
	   |-- fabric-entity-events-v1 1.8.0+2b27e0a419
	   |-- fabric-events-interaction-v0 0.7.14+ba9dae0619
	   |-- fabric-game-rule-api-v1 1.0.53+6ced4dd919
	   |-- fabric-item-api-v1 11.3.0+467044f319
	   |-- fabric-item-group-api-v1 4.1.7+def88e3a19
	   |-- fabric-lifecycle-events-v1 2.6.0+0865547519
	   |-- fabric-loot-api-v2 3.0.15+3f89f5a519
	   |-- fabric-loot-api-v3 1.0.3+3f89f5a519
	   |-- fabric-message-api-v1 6.0.14+8aaf3aca19
	   |-- fabric-networking-api-v1 4.3.1+d30f6a7919
	   |-- fabric-object-builder-api-v1 15.2.1+40875a9319
	   |-- fabric-particles-v1 4.0.2+6573ed8c19
	   |-- fabric-recipe-api-v1 5.0.16+2475392c19
	   |-- fabric-registry-sync-v0 5.3.2+e3eddc2119
	   |-- fabric-rendering-data-attachment-v1 0.3.49+73761d2e19
	   |-- fabric-rendering-fluids-v1 3.1.6+1daea21519
	   |-- fabric-resource-conditions-api-v1 4.3.0+8dc279b119
	   |-- fabric-resource-loader-v0 1.3.1+5b5275af19
	   |-- fabric-screen-handler-api-v1 1.3.91+b559734419
	   |-- fabric-tag-api-v1 1.3.0+1eb36c0719
	   |-- fabric-transfer-api-v1 5.4.4+7b3d111d19
	   \-- fabric-transitive-access-wideners-v1 6.2.0+45b9699719
	- fabricloader 0.19.5
	   \-- mixinextras 0.5.5
	- java 21
	- minecraft 1.21.1
	- tieredironchests 1.0.0
[11:05:26] [main/INFO]: SpongePowered MIXIN Subsystem Version=0.8.7 Source=file:/H:/AutoMods/mods/tiered-iron-chests/run-prod/fabric-1.21.1/libraries/net/fabricmc/sponge-mixin/0.17.4+mixin.0.8.7/sponge-mixin-0.17.4+mixin.0.8.7.jar Service=Knot/Fabric Env=SERVER
/*********************************************************************************************************************************************************************************************************************/
/*                                                                                                SpongePowered MIXIN                                                                                                */
/*********************************************************************************************************************************************************************************************************************/
/*                                         Code source : file:/H:/AutoMods/mods/tiered-iron-chests/run-prod/fabric-1.21.1/libraries/net/fabricmc/sponge-mixin/0.17.4+mixin.0.8.7/sponge-mixin-0.17.4+mixin.0.8.7.jar */
/*                                    Internal Version : 0.8.7                                                                                                                                                       */
/*                                        Java Version : 21.0 (supports compatibility 6-21)                                                                                                                          */
/*                         Default Compatibility Level : JAVA_8                                                                                                                                                      */
/*                   Max Effective Compatibility Level : JAVA_13                                                                                                                                                     */
/*                                Detected ASM Version : ASM 9.10.1 (ASM10_EXPERIMENTAL)                                                                                                                             */
/*                          Detected ASM Supports Java : Up to Java 27 (class file version 71.0)                                                                                                                     */
/*********************************************************************************************************************************************************************************************************************/
/*                                        Service Name : Knot/Fabric                                                                                                                                                 */
/*                                 Mixin Service Class : net.fabricmc.loader.impl.launch.knot.MixinServiceKnot                                                                                                       */
/*                       Global Property Service Class : net.fabricmc.loader.impl.launch.knot.FabricGlobalPropertyService                                                                                            */
/*                                 Logger Adapter Type : Fabric Mixin Logger                                                                                                                                         */
/*********************************************************************************************************************************************************************************************************************/
/*                                         mixin.debug : <false>                                                                                                                                                     */
/*                                  mixin.debug.export : - <true>                                                                                                                                                    */
/*                           mixin.debug.export.filter : - - <null>                                                                                                                                                  */
/*                        mixin.debug.export.decompile : - - <true>                                                                                                                                                  */
/*                  mixin.debug.export.decompile.async : - - - <true>                                                                                                                                                */
/* mixin.debug.export.decompile.mergeGenericSignatures : - - - <true>                                                                                                                                                */
/*                                  mixin.debug.verify : - <false>                                                                                                                                                   */
/*                                 mixin.debug.verbose : - <false>                                                                                                                                                   */
/*                         mixin.debug.countInjections : - <false>                                                                                                                                                   */
/*                                  mixin.debug.strict : - <false>                                                                                                                                                   */
/*                           mixin.debug.strict.unique : - - <false>                                                                                                                                                 */
/*                          mixin.debug.strict.targets : - - <false>                                                                                                                                                 */
/*                                mixin.debug.profiler : - <false>                                                                                                                                                   */
/*                           mixin.dumpTargetOnFailure : <false>                                                                                                                                                     */
/*                                        mixin.checks : <false>                                                                                                                                                     */
/*                             mixin.checks.interfaces : - <false>                                                                                                                                                   */
/*                      mixin.checks.interfaces.strict : - - <false>                                                                                                                                                 */
/*                             mixin.ignoreConstraints : <false>                                                                                                                                                     */
/*                                       mixin.hotSwap : <false>                                                                                                                                                     */
/*                                       mixin.env.obf : - <false>                                                                                                                                                   */
/*                             mixin.env.disableRefMap : - <false>                                                                                                                                                   */
/*                               mixin.env.remapRefMap : - <false>                                                                                                                                                   */
/*                       mixin.env.refMapRemappingFile : - <>                                                                                                                                                        */
/*                        mixin.env.refMapRemappingEnv : - <searge>                                                                                                                                                  */
/*                      mixin.env.allowPermissiveMatch : - <false>                                                                                                                                                   */
/*                            mixin.env.ignoreRequired : - <false>                                                                                                                                                   */
/*                               mixin.env.compatLevel : - <false>                                                                                                                                                   */
/*                          mixin.env.shiftByViolation : - <warn>                                                                                                                                                    */
/*                      mixin.initialiserInjectionMode : <default>                                                                                                                                                   */
/*               mixin.tunable.classReaderExpandFrames : - <false>                                                                                                                                                   */
/*********************************************************************************************************************************************************************************************************************/
/*                                    UNSAFE_INJECTION : available=<true> enabled=<true>                                                                                                                             */
/*                       INJECTORS_IN_INTERFACE_MIXINS : available=<true> enabled=<true>                                                                                                                             */
/*********************************************************************************************************************************************************************************************************************/
/*                                       Detected Side : SERVER                                                                                                                                                      */
/*********************************************************************************************************************************************************************************************************************/
[11:05:26] [main/INFO]: Attempting to load Fernflower decompiler (Threaded mode)
[11:05:26] [main/INFO]: Fernflower could not be loaded, exported classes will not be decompiled. NoClassDefFoundError: org/jetbrains/java/decompiler/main/extern/IResultSaver
[11:05:28] [main/INFO]: Initializing MixinExtras via com.llamalad7.mixinextras.service.MixinExtrasServiceImpl(version=0.5.5).
[11:05:36] [main/INFO]: Tiered Iron Chests (Fabric) registered 5 chest tiers (5 blocks, block entities, menus and upgrade kits)
[11:05:37] [main/INFO]: Environment: Environment[sessionHost=https://sessionserver.mojang.com, servicesHost=https://api.minecraftservices.com, name=PROD]
[11:05:38] [main/INFO]: No existing world data, creating new world
[11:05:38] [main/INFO]: Loaded 1305 recipes
[11:05:38] [main/INFO]: Loaded 1414 advancements
[11:05:39] [main/INFO]: Applied 0 biome modifications to 0 of 64 new biomes in 1.302 ms
[11:05:39] [Server thread/INFO]: Starting minecraft server version 1.21.1
[11:05:39] [Server thread/INFO]: Loading properties
[11:05:39] [Server thread/INFO]: Default game type: SURVIVAL
[11:05:39] [Server thread/INFO]: Generating keypair
[11:05:39] [Server thread/INFO]: Starting Minecraft server on *:25576
[11:05:39] [Server thread/INFO]: Using default channel type
[11:05:39] [Server thread/WARN]: **** SERVER IS RUNNING IN OFFLINE/INSECURE MODE!
[11:05:39] [Server thread/WARN]: The server will make no attempt to authenticate usernames. Beware.
[11:05:39] [Server thread/WARN]: While this makes the game possible to play without internet access, it also opens up the ability for hackers to connect with any username they choose.
[11:05:39] [Server thread/WARN]: To change this, set "online-mode" to "true" in the server.properties file.
[11:05:39] [Server thread/INFO]: Preparing level "world"
[11:05:42] [Server thread/INFO]: Preparing start region for dimension minecraft:overworld
[11:05:42] [Worker-Main-17/INFO]: Preparing spawn area: 2%
[11:05:42] [Worker-Main-26/INFO]: Preparing spawn area: 2%
[11:05:43] [Worker-Main-6/INFO]: Preparing spawn area: 18%
[11:05:43] [Worker-Main-16/INFO]: Preparing spawn area: 51%
[11:05:44] [Worker-Main-16/INFO]: Preparing spawn area: 51%
[11:05:44] [Server thread/INFO]: Time elapsed: 2041 ms
[11:05:44] [Server thread/INFO]: Done (4.330s)! For help, type "help"
[11:05:44] [Server thread/INFO]: There are 4 data pack(s) enabled: [vanilla (built-in)], [fabric (Fabric mod)], [fabric-convention-tags-v2 (Fabric mod)], [tieredironchests (Fabric mod)]
[11:05:44] [Server thread/INFO]: There are no more data packs available
[11:05:47] [Server thread/INFO]: Summoned new Cat
[11:05:50] [Server thread/INFO]: Test passed, count: 1
[11:05:59] [Server thread/INFO]: Stopping the server
[11:05:59] [Server thread/INFO]: Stopping server
[11:05:59] [Server thread/INFO]: Saving players
[11:05:59] [Server thread/INFO]: Saving worlds
[11:05:59] [Server thread/INFO]: Saving chunks for level 'ServerLevel[world]'/minecraft:overworld
[11:06:00] [Server thread/INFO]: Saving chunks for level 'ServerLevel[world]'/minecraft:the_nether
[11:06:00] [Server thread/INFO]: Saving chunks for level 'ServerLevel[world]'/minecraft:the_end
[11:06:00] [Server thread/INFO]: ThreadedAnvilChunkStorage (world): All chunks are saved
[11:06:00] [Server thread/INFO]: ThreadedAnvilChunkStorage (DIM-1): All chunks are saved
[11:06:00] [Server thread/INFO]: ThreadedAnvilChunkStorage (DIM1): All chunks are saved
[11:06:00] [Server thread/INFO]: ThreadedAnvilChunkStorage: All dimensions are saved
