Downloading Minecraft server
Installing Fabric Loader 0.16.14(1.20.1) on the server
Downloading required files
Downloading library org.ow2.asm:asm:9.8
Downloading library org.ow2.asm:asm-analysis:9.8
Downloading library org.ow2.asm:asm-commons:9.8
Downloading library org.ow2.asm:asm-tree:9.8
Downloading library org.ow2.asm:asm-util:9.8
Downloading library net.fabricmc:sponge-mixin:0.15.5+mixin.0.8.7
Downloading library net.fabricmc:intermediary:1.20.1
Downloading library net.fabricmc:fabric-loader:0.16.14
Generating server launch JAR
Unpacking 1.20.1/server-1.20.1.jar (versions:1.20.1) to versions\1.20.1\server-1.20.1.jar
Unpacking com/github/oshi/oshi-core/6.2.2/oshi-core-6.2.2.jar (libraries:com.github.oshi:oshi-core:6.2.2) to libraries\com\github\oshi\oshi-core\6.2.2\oshi-core-6.2.2.jar
Unpacking com/google/code/gson/gson/2.10/gson-2.10.jar (libraries:com.google.code.gson:gson:2.10) to libraries\com\google\code\gson\gson\2.10\gson-2.10.jar
Unpacking com/google/guava/failureaccess/1.0.1/failureaccess-1.0.1.jar (libraries:com.google.guava:failureaccess:1.0.1) to libraries\com\google\guava\failureaccess\1.0.1\failureaccess-1.0.1.jar
Unpacking com/google/guava/guava/31.1-jre/guava-31.1-jre.jar (libraries:com.google.guava:guava:31.1-jre) to libraries\com\google\guava\guava\31.1-jre\guava-31.1-jre.jar
Unpacking com/mojang/authlib/4.0.43/authlib-4.0.43.jar (libraries:com.mojang:authlib:4.0.43) to libraries\com\mojang\authlib\4.0.43\authlib-4.0.43.jar
Unpacking com/mojang/brigadier/1.1.8/brigadier-1.1.8.jar (libraries:com.mojang:brigadier:1.1.8) to libraries\com\mojang\brigadier\1.1.8\brigadier-1.1.8.jar
Unpacking com/mojang/datafixerupper/6.0.8/datafixerupper-6.0.8.jar (libraries:com.mojang:datafixerupper:6.0.8) to libraries\com\mojang\datafixerupper\6.0.8\datafixerupper-6.0.8.jar
Unpacking com/mojang/logging/1.1.1/logging-1.1.1.jar (libraries:com.mojang:logging:1.1.1) to libraries\com\mojang\logging\1.1.1\logging-1.1.1.jar
Unpacking commons-io/commons-io/2.11.0/commons-io-2.11.0.jar (libraries:commons-io:commons-io:2.11.0) to libraries\commons-io\commons-io\2.11.0\commons-io-2.11.0.jar
Unpacking io/netty/netty-buffer/4.1.82.Final/netty-buffer-4.1.82.Final.jar (libraries:io.netty:netty-buffer:4.1.82.Final) to libraries\io\netty\netty-buffer\4.1.82.Final\netty-buffer-4.1.82.Final.jar
Unpacking io/netty/netty-codec/4.1.82.Final/netty-codec-4.1.82.Final.jar (libraries:io.netty:netty-codec:4.1.82.Final) to libraries\io\netty\netty-codec\4.1.82.Final\netty-codec-4.1.82.Final.jar
Unpacking io/netty/netty-common/4.1.82.Final/netty-common-4.1.82.Final.jar (libraries:io.netty:netty-common:4.1.82.Final) to libraries\io\netty\netty-common\4.1.82.Final\netty-common-4.1.82.Final.jar
Unpacking io/netty/netty-handler/4.1.82.Final/netty-handler-4.1.82.Final.jar (libraries:io.netty:netty-handler:4.1.82.Final) to libraries\io\netty\netty-handler\4.1.82.Final\netty-handler-4.1.82.Final.jar
Unpacking io/netty/netty-resolver/4.1.82.Final/netty-resolver-4.1.82.Final.jar (libraries:io.netty:netty-resolver:4.1.82.Final) to libraries\io\netty\netty-resolver\4.1.82.Final\netty-resolver-4.1.82.Final.jar
Unpacking io/netty/netty-transport/4.1.82.Final/netty-transport-4.1.82.Final.jar (libraries:io.netty:netty-transport:4.1.82.Final) to libraries\io\netty\netty-transport\4.1.82.Final\netty-transport-4.1.82.Final.jar
Unpacking io/netty/netty-transport-classes-epoll/4.1.82.Final/netty-transport-classes-epoll-4.1.82.Final.jar (libraries:io.netty:netty-transport-classes-epoll:4.1.82.Final) to libraries\io\netty\netty-transport-classes-epoll\4.1.82.Final\netty-transport-classes-epoll-4.1.82.Final.jar
Unpacking io/netty/netty-transport-native-epoll/4.1.82.Final/netty-transport-native-epoll-4.1.82.Final-linux-x86_64.jar (libraries:io.netty:netty-transport-native-epoll:4.1.82.Final:linux-x86_64) to libraries\io\netty\netty-transport-native-epoll\4.1.82.Final\netty-transport-native-epoll-4.1.82.Final-linux-x86_64.jar
Unpacking io/netty/netty-transport-native-epoll/4.1.82.Final/netty-transport-native-epoll-4.1.82.Final-linux-aarch_64.jar (libraries:io.netty:netty-transport-native-epoll:4.1.82.Final:linux-aarch_64) to libraries\io\netty\netty-transport-native-epoll\4.1.82.Final\netty-transport-native-epoll-4.1.82.Final-linux-aarch_64.jar
Unpacking io/netty/netty-transport-native-unix-common/4.1.82.Final/netty-transport-native-unix-common-4.1.82.Final.jar (libraries:io.netty:netty-transport-native-unix-common:4.1.82.Final) to libraries\io\netty\netty-transport-native-unix-common\4.1.82.Final\netty-transport-native-unix-common-4.1.82.Final.jar
Unpacking it/unimi/dsi/fastutil/8.5.9/fastutil-8.5.9.jar (libraries:it.unimi.dsi:fastutil:8.5.9) to libraries\it\unimi\dsi\fastutil\8.5.9\fastutil-8.5.9.jar
Unpacking net/java/dev/jna/jna/5.12.1/jna-5.12.1.jar (libraries:net.java.dev.jna:jna:5.12.1) to libraries\net\java\dev\jna\jna\5.12.1\jna-5.12.1.jar
Unpacking net/java/dev/jna/jna-platform/5.12.1/jna-platform-5.12.1.jar (libraries:net.java.dev.jna:jna-platform:5.12.1) to libraries\net\java\dev\jna\jna-platform\5.12.1\jna-platform-5.12.1.jar
Unpacking net/sf/jopt-simple/jopt-simple/5.0.4/jopt-simple-5.0.4.jar (libraries:net.sf.jopt-simple:jopt-simple:5.0.4) to libraries\net\sf\jopt-simple\jopt-simple\5.0.4\jopt-simple-5.0.4.jar
Unpacking org/apache/commons/commons-lang3/3.12.0/commons-lang3-3.12.0.jar (libraries:org.apache.commons:commons-lang3:3.12.0) to libraries\org\apache\commons\commons-lang3\3.12.0\commons-lang3-3.12.0.jar
Unpacking org/apache/logging/log4j/log4j-api/2.19.0/log4j-api-2.19.0.jar (libraries:org.apache.logging.log4j:log4j-api:2.19.0) to libraries\org\apache\logging\log4j\log4j-api\2.19.0\log4j-api-2.19.0.jar
Unpacking org/apache/logging/log4j/log4j-core/2.19.0/log4j-core-2.19.0.jar (libraries:org.apache.logging.log4j:log4j-core:2.19.0) to libraries\org\apache\logging\log4j\log4j-core\2.19.0\log4j-core-2.19.0.jar
Unpacking org/apache/logging/log4j/log4j-slf4j2-impl/2.19.0/log4j-slf4j2-impl-2.19.0.jar (libraries:org.apache.logging.log4j:log4j-slf4j2-impl:2.19.0) to libraries\org\apache\logging\log4j\log4j-slf4j2-impl\2.19.0\log4j-slf4j2-impl-2.19.0.jar
Unpacking org/joml/joml/1.10.5/joml-1.10.5.jar (libraries:org.joml:joml:1.10.5) to libraries\org\joml\joml\1.10.5\joml-1.10.5.jar
Unpacking org/slf4j/slf4j-api/2.0.1/slf4j-api-2.0.1.jar (libraries:org.slf4j:slf4j-api:2.0.1) to libraries\org\slf4j\slf4j-api\2.0.1\slf4j-api-2.0.1.jar
Starting net.fabricmc.loader.impl.game.minecraft.BundlerClassPathCapture
[10:40:03] [main/INFO]: Loading Minecraft 1.20.1 with Fabric Loader 0.16.14
[10:40:03] [main/INFO]: Fabric is preparing JARs on first launch, this may take a few seconds...
[10:40:03] [main/INFO]: Loading 46 mods:
	- fabric-api 0.92.12+1.20.1
	   |-- fabric-api-base 0.4.32+1802ada577
	   |-- fabric-api-lookup-api-v1 1.6.37+1802ada577
	   |-- fabric-biome-api-v1 13.0.15+93aa238b77
	   |-- fabric-block-api-v1 1.0.12+1802ada577
	   |-- fabric-block-view-api-v2 1.0.3+924f046a77
	   |-- fabric-blockrenderlayer-v1 1.1.42+1802ada577
	   |-- fabric-client-tags-api-v1 1.2.0+238242b777
	   |-- fabric-command-api-v1 1.2.35+f71b366f77
	   |-- fabric-command-api-v2 2.2.14+1802ada577
	   |-- fabric-commands-v0 0.2.52+df3654b377
	   |-- fabric-containers-v0 0.1.68+df3654b377
	   |-- fabric-content-registries-v0 4.0.13+1802ada577
	   |-- fabric-convention-tags-v1 1.5.6+1802ada577
	   |-- fabric-crash-report-info-v1 0.2.20+1802ada577
	   |-- fabric-data-attachment-api-v1 1.0.2+de0fd6d177
	   |-- fabric-data-generation-api-v1 12.4.0+238242b777
	   |-- fabric-dimensions-v1 2.1.55+1802ada577
	   |-- fabric-entity-events-v1 1.6.1+1c78457f77
	   |-- fabric-events-interaction-v0 0.6.6+13a40c6677
	   |-- fabric-events-lifecycle-v0 0.2.64+df3654b377
	   |-- fabric-game-rule-api-v1 1.0.41+1802ada577
	   |-- fabric-item-api-v1 2.1.29+1802ada577
	   |-- fabric-item-group-api-v1 4.0.14+1802ada577
	   |-- fabric-key-binding-api-v1 1.0.38+1802ada577
	   |-- fabric-keybindings-v0 0.2.36+df3654b377
	   |-- fabric-lifecycle-events-v1 2.2.23+1802ada577
	   |-- fabric-loot-api-v2 1.2.3+1802ada577
	   |-- fabric-loot-tables-v1 1.1.47+9e7660c677
	   |-- fabric-message-api-v1 5.1.10+1802ada577
	   |-- fabric-mining-level-api-v1 2.1.52+1802ada577
	   |-- fabric-model-loading-api-v1 1.0.4+1802ada577
	   |-- fabric-models-v0 0.4.3+9386d8a777
	   |-- fabric-networking-api-v1 1.3.15+0caff8d077
	   |-- fabric-networking-v0 0.3.55+df3654b377
	   |-- fabric-object-builder-api-v1 11.1.5+e35120df77
	   |-- fabric-particles-v1 1.1.3+1802ada577
	   |-- fabric-recipe-api-v1 1.0.25+1802ada577
	   |-- fabric-registry-sync-v0 2.4.1+4c0a70e677
	   |-- fabric-renderer-api-v1 3.2.2+1802ada577
	   |-- fabric-renderer-indigo 1.5.3+85287f9f77
	   |-- fabric-renderer-registries-v1 3.2.48+df3654b377
	   |-- fabric-rendering-data-attachment-v1 0.3.39+92a0d36777
	   |-- fabric-rendering-fluids-v1 3.0.29+1802ada577
	   |-- fabric-rendering-v0 1.1.51+df3654b377
	   |-- fabric-rendering-v1 3.0.10+54550fb677
	   |-- fabric-resource-conditions-api-v1 2.3.9+1802ada577
	   |-- fabric-resource-loader-v0 0.11.12+fb82e9d777
	   |-- fabric-screen-api-v1 2.0.9+1802ada577
	   |-- fabric-screen-handler-api-v1 1.3.34+1802ada577
	   |-- fabric-sound-api-v1 1.0.14+1802ada577
	   |-- fabric-tag-api-v1 1.3.0+238242b777
	   |-- fabric-transfer-api-v1 3.3.6+8dd72ea377
	   \-- fabric-transitive-access-wideners-v1 4.3.2+1802ada577
	- fabricloader 0.16.14
	   \-- mixinextras 0.4.1
	- java 17
	- minecraft 1.20.1
	- tieredironchests 1.0.0
[10:40:04] [main/INFO]: SpongePowered MIXIN Subsystem Version=0.8.7 Source=file:/H:/AutoMods/mods/tiered-iron-chests/run-prod/fabric-1.20.1/libraries/net/fabricmc/sponge-mixin/0.15.5+mixin.0.8.7/sponge-mixin-0.15.5+mixin.0.8.7.jar Service=Knot/Fabric Env=SERVER
/*********************************************************************************************************************************************************************************************************************/
/*                                                                                                SpongePowered MIXIN                                                                                                */
/*********************************************************************************************************************************************************************************************************************/
/*                                         Code source : file:/H:/AutoMods/mods/tiered-iron-chests/run-prod/fabric-1.20.1/libraries/net/fabricmc/sponge-mixin/0.15.5+mixin.0.8.7/sponge-mixin-0.15.5+mixin.0.8.7.jar */
/*                                    Internal Version : 0.8.7                                                                                                                                                       */
/*                                        Java Version : 17.0 (supports compatibility 6-17)                                                                                                                          */
/*                         Default Compatibility Level : JAVA_8                                                                                                                                                      */
/*                   Max Effective Compatibility Level : JAVA_13                                                                                                                                                     */
/*                                Detected ASM Version : ASM 9.8 (ASM10_EXPERIMENTAL)                                                                                                                                */
/*                          Detected ASM Supports Java : Up to Java 25 (class file version 69.0)                                                                                                                     */
/*********************************************************************************************************************************************************************************************************************/
/*                                        Service Name : Knot/Fabric                                                                                                                                                 */
/*                                 Mixin Service Class : net.fabricmc.loader.impl.launch.knot.MixinServiceKnot                                                                                                       */
/*                       Global Property Service Class : net.fabricmc.loader.impl.launch.knot.FabricGlobalPropertyService                                                                                            */
/*                                 Logger Adapter Type : Fabric Mixin Logger                                                                                                                                         */
/*********************************************************************************************************************************************************************************************************************/
/*                                         mixin.debug : <false>                                                                                                                                                     */
/*                                  mixin.debug.export : - <true>                                                                                                                                                    */
/*                           mixin.debug.export.filter : - - <null>                                                                                                                                                  */
/*                        mixin.debug.export.decompile : - - <true>                                                                                                                                                  */
/*                  mixin.debug.export.decompile.async : - - - <true>                                                                                                                                                */
/* mixin.debug.export.decompile.mergeGenericSignatures : - - - <true>                                                                                                                                                */
/*                                  mixin.debug.verify : - <false>                                                                                                                                                   */
/*                                 mixin.debug.verbose : - <false>                                                                                                                                                   */
/*                         mixin.debug.countInjections : - <false>                                                                                                                                                   */
/*                                  mixin.debug.strict : - <false>                                                                                                                                                   */
/*                           mixin.debug.strict.unique : - - <false>                                                                                                                                                 */
/*                          mixin.debug.strict.targets : - - <false>                                                                                                                                                 */
/*                                mixin.debug.profiler : - <false>                                                                                                                                                   */
/*                           mixin.dumpTargetOnFailure : <false>                                                                                                                                                     */
/*                                        mixin.checks : <false>                                                                                                                                                     */
/*                             mixin.checks.interfaces : - <false>                                                                                                                                                   */
/*                      mixin.checks.interfaces.strict : - - <false>                                                                                                                                                 */
/*                             mixin.ignoreConstraints : <false>                                                                                                                                                     */
/*                                       mixin.hotSwap : <false>                                                                                                                                                     */
/*                                       mixin.env.obf : - <false>                                                                                                                                                   */
/*                             mixin.env.disableRefMap : - <false>                                                                                                                                                   */
/*                               mixin.env.remapRefMap : - <false>                                                                                                                                                   */
/*                       mixin.env.refMapRemappingFile : - <>                                                                                                                                                        */
/*                        mixin.env.refMapRemappingEnv : - <searge>                                                                                                                                                  */
/*                      mixin.env.allowPermissiveMatch : - <false>                                                                                                                                                   */
/*                            mixin.env.ignoreRequired : - <false>                                                                                                                                                   */
/*                               mixin.env.compatLevel : - <false>                                                                                                                                                   */
/*                          mixin.env.shiftByViolation : - <warn>                                                                                                                                                    */
/*                      mixin.initialiserInjectionMode : <default>                                                                                                                                                   */
/*               mixin.tunable.classReaderExpandFrames : - <false>                                                                                                                                                   */
/*********************************************************************************************************************************************************************************************************************/
/*                                    UNSAFE_INJECTION : available=<true> enabled=<true>                                                                                                                             */
/*                       INJECTORS_IN_INTERFACE_MIXINS : available=<true> enabled=<true>                                                                                                                             */
/*********************************************************************************************************************************************************************************************************************/
/*                                       Detected Side : SERVER                                                                                                                                                      */
/*********************************************************************************************************************************************************************************************************************/
[10:40:04] [main/INFO]: Attempting to load Fernflower decompiler (Threaded mode)
[10:40:04] [main/INFO]: Fernflower could not be loaded, exported classes will not be decompiled. NoClassDefFoundError: org/jetbrains/java/decompiler/main/extern/IResultSaver
[10:40:07] [main/INFO]: Compatibility level set to JAVA_16
[10:40:07] [main/INFO]: Compatibility level set to JAVA_17
[10:40:08] [main/INFO]: Initializing MixinExtras via com.llamalad7.mixinextras.service.MixinExtrasServiceImpl(version=0.4.1).
[10:40:17] [main/INFO]: Tiered Iron Chests (Fabric) registered 5 chest tiers (5 blocks, block entities, menus and upgrade kits)
[10:40:17] [main/INFO]: Environment: authHost='https://authserver.mojang.com', accountsHost='https://api.mojang.com', sessionHost='https://sessionserver.mojang.com', servicesHost='https://api.minecraftservices.com', name='PROD'
[10:40:19] [main/INFO]: Loaded 7 recipes
[10:40:19] [main/INFO]: Loaded 1286 advancements
[10:40:19] [main/INFO]: Applied 0 biome modifications to 0 of 64 new biomes in 1.248 ms
[10:40:19] [Server thread/INFO]: Starting minecraft server version 1.20.1
[10:40:19] [Server thread/INFO]: Loading properties
[10:40:19] [Server thread/INFO]: Default game type: SURVIVAL
[10:40:19] [Server thread/INFO]: Generating keypair
[10:40:19] [Server thread/INFO]: Starting Minecraft server on *:25575
[10:40:19] [Server thread/INFO]: Using default channel type
[10:40:21] [Server thread/WARN]: **** SERVER IS RUNNING IN OFFLINE/INSECURE MODE!
[10:40:21] [Server thread/WARN]: The server will make no attempt to authenticate usernames. Beware.
[10:40:21] [Server thread/WARN]: While this makes the game possible to play without internet access, it also opens up the ability for hackers to connect with any username they choose.
[10:40:21] [Server thread/WARN]: To change this, set "online-mode" to "true" in the server.properties file.
[10:40:21] [Server thread/INFO]: Preparing level "world"
[10:40:23] [Server thread/INFO]: Preparing start region for dimension minecraft:overworld
[10:40:24] [Worker-Main-10/INFO]: Preparing spawn area: 0%
[10:40:24] [Worker-Main-10/INFO]: Preparing spawn area: 0%
[10:40:24] [Worker-Main-30/INFO]: Preparing spawn area: 0%
[10:40:25] [Worker-Main-22/INFO]: Preparing spawn area: 0%
[10:40:25] [Worker-Main-23/INFO]: Preparing spawn area: 1%
[10:40:26] [Worker-Main-10/INFO]: Preparing spawn area: 3%
[10:40:26] [Worker-Main-6/INFO]: Preparing spawn area: 5%
[10:40:27] [Worker-Main-18/INFO]: Preparing spawn area: 9%
[10:40:27] [Worker-Main-25/INFO]: Preparing spawn area: 10%
[10:40:28] [Worker-Main-5/INFO]: Preparing spawn area: 15%
[10:40:28] [Worker-Main-19/INFO]: Preparing spawn area: 18%
[10:40:29] [Worker-Main-23/INFO]: Preparing spawn area: 22%
[10:40:29] [Worker-Main-11/INFO]: Preparing spawn area: 27%
[10:40:30] [Worker-Main-24/INFO]: Preparing spawn area: 31%
[10:40:30] [Worker-Main-20/INFO]: Preparing spawn area: 36%
[10:40:31] [Worker-Main-30/INFO]: Preparing spawn area: 42%
[10:40:31] [Worker-Main-20/INFO]: Preparing spawn area: 43%
[10:40:32] [Worker-Main-13/INFO]: Preparing spawn area: 49%
[10:40:32] [Worker-Main-17/INFO]: Preparing spawn area: 55%
[10:40:33] [Worker-Main-10/INFO]: Preparing spawn area: 60%
[10:40:33] [Worker-Main-13/INFO]: Preparing spawn area: 68%
[10:40:34] [Worker-Main-7/INFO]: Preparing spawn area: 71%
[10:40:34] [Worker-Main-12/INFO]: Preparing spawn area: 77%
[10:40:35] [Worker-Main-31/INFO]: Preparing spawn area: 83%
[10:40:37] [Worker-Main-20/INFO]: Preparing spawn area: 84%
[10:40:37] [Worker-Main-12/INFO]: Preparing spawn area: 84%
[10:40:37] [Worker-Main-20/INFO]: Preparing spawn area: 84%
[10:40:37] [Worker-Main-25/INFO]: Preparing spawn area: 86%
[10:40:37] [Worker-Main-24/INFO]: Preparing spawn area: 92%
[10:40:38] [Server thread/INFO]: Time elapsed: 14482 ms
[10:40:38] [Server thread/INFO]: Done (17.026s)! For help, type "help"
[10:40:39] [Server thread/INFO]: There are 2 data pack(s) enabled: [vanilla (built-in)], [fabric (Fabric mod)]
[10:40:39] [Server thread/INFO]: There are no more data packs available
[10:40:42] [Server thread/INFO]: Summoned new Cat
[10:40:45] [Server thread/INFO]: Test passed, count: 1
[10:40:54] [Server thread/INFO]: Stopping the server
[10:40:54] [Server thread/INFO]: Stopping server
[10:40:54] [Server thread/INFO]: Saving players
[10:40:54] [Server thread/INFO]: Saving worlds
[10:40:54] [Server thread/INFO]: Saving chunks for level 'ServerLevel[world]'/minecraft:overworld
[10:40:55] [Server thread/INFO]: Saving chunks for level 'ServerLevel[world]'/minecraft:the_nether
[10:40:55] [Server thread/INFO]: Saving chunks for level 'ServerLevel[world]'/minecraft:the_end
[10:40:55] [Server thread/INFO]: ThreadedAnvilChunkStorage (world): All chunks are saved
[10:40:55] [Server thread/INFO]: ThreadedAnvilChunkStorage (DIM-1): All chunks are saved
[10:40:55] [Server thread/INFO]: ThreadedAnvilChunkStorage (DIM1): All chunks are saved
[10:40:55] [Server thread/INFO]: ThreadedAnvilChunkStorage: All dimensions are saved
